// Jest Snapshot v1, https://goo.gl/fbAQLP

exports[`renders 1`] = `
<DocumentFragment>
  <div>
    <ul>
      <li>
        <strong>
          Username:
        </strong>
        Â 
        <span
          data-testid="user-username"
        >
          test
        </span>
      </li>
    </ul>
  </div>
</DocumentFragment>
`;
